// Jest Snapshot v1, https://goo.gl/fbAQLP

exports[`NavTitle Rendering should match to snapshot 1`] = `ShallowWrapper {}`;
